#
# An unexpected error has occurred (6) Aborted
#
Stack:
/lib/x86_64-linux-gnu/libc.so.6(+0x45330) [0x751d32645330]
/lib/x86_64-linux-gnu/libc.so.6(pthread_kill+0x11c) [0x751d3269eb2c]
/lib/x86_64-linux-gnu/libc.so.6(gsignal+0x1e) [0x751d3264527e]
/lib/x86_64-linux-gnu/libc.so.6(abort+0xdf) [0x751d326288ff]
/opt/2025.2/Vivado/lib/lnx64.o/Ubuntu/24/libstdc++.so.6(+0xa5ff5) [0x751d32ea5ff5]
/opt/2025.2/Vivado/lib/lnx64.o/Ubuntu/24/libstdc++.so.6(+0xbb0da) [0x751d32ebb0da]
/opt/2025.2/Vivado/lib/lnx64.o/Ubuntu/24/libstdc++.so.6(__cxa_call_terminate+0x33) [0x751d32ea58e6]
/opt/2025.2/Vivado/lib/lnx64.o/Ubuntu/24/libstdc++.so.6(__gxx_personality_v0+0x31a) [0x751d32eba8ba]
/opt/2025.2/Vivado/lib/lnx64.o/Ubuntu/libgcc_s.so.1(+0x104e3) [0x751d32a104e3]
/opt/2025.2/Vivado/lib/lnx64.o/Ubuntu/libgcc_s.so.1(_Unwind_Resume+0x125) [0x751d32a10d65]
/opt/2025.2/Vivado/lib/lnx64.o/libxv_project.so(+0x29a400) [0x751d2929a400]
/opt/2025.2/Vivado/lib/lnx64.o/libxv_project.so(HAPRSuspendProjectSave::~HAPRSuspendProjectSave()+0xa4) [0x751d295791d4]
/opt/2025.2/Vivado/lib/lnx64.o/libxv_tcltasks.so(+0x127af61) [0x751d2be7af61]
/opt/2025.2/Vivado/lib/lnx64.o/libxv_common.so(+0x81e9c4) [0x751d3e01e9c4]
/opt/2025.2/Vivado/lib/lnx64.o/libtcl8.6.so(TclNRRunCallbacks+0x47) [0x751d3a084497]
/opt/2025.2/Vivado/lib/lnx64.o/libxv_common.so(hdi::tcltasks::task_manager::eval_in_tcl(Tcl_Interp*, Tcl_Obj*, char const*, bool)+0xe33) [0x751d3e02147f]
/opt/2025.2/Vivado/lib/lnx64.o/libxv_common.so(hdi::tcltasks::task_manager::eval_in_tcl(Tcl_Interp*, char const*, char const*, bool)+0x10a) [0x751d3e0218b0]
/opt/2025.2/Vivado/lib/lnx64.o/libxv_common.so(hdi::tcltasks::task_manager::eval_in_tcl_throw(Tcl_Interp*, char const*, char const*, bool)+0x11) [0x751d3e02197b]
/opt/2025.2/Vivado/lib/lnx64.o/libxv_common.so(hdi::tcltasks::task_manager::eval_in_tcl_throw(char const*, char const*, bool)+0x2b) [0x751d3e0219bd]
/opt/2025.2/Vivado/lib/lnx64.o/libxv_coretasks.so(+0x2e6171) [0x751cf38e6171]
/opt/2025.2/Vivado/lib/lnx64.o/libxv_coretasks.so(+0x2e943a) [0x751cf38e943a]
/opt/2025.2/Vivado/lib/lnx64.o/libxv_coretasks.so(+0x2eb748) [0x751cf38eb748]
/opt/2025.2/Vivado/lib/lnx64.o/libxv_common.so(+0x81e9c4) [0x751d3e01e9c4]
/opt/2025.2/Vivado/lib/lnx64.o/libtcl8.6.so(TclNRRunCallbacks+0x47) [0x751d3a084497]
/opt/2025.2/Vivado/lib/lnx64.o/libxv_common.so(+0x81dea2) [0x751d3e01dea2]
/opt/2025.2/Vivado/lib/lnx64.o/libtcl8.6.so(Tcl_ServiceEvent+0x7f) [0x751d3a1486df]
/opt/2025.2/Vivado/lib/lnx64.o/libtcl8.6.so(Tcl_DoOneEvent+0x149) [0x751d3a1489f9]
/opt/2025.2/Vivado/lib/lnx64.o/libxv_commontasks.so(+0x44f18f) [0x751d2f44f18f]
/opt/2025.2/Vivado/lib/lnx64.o/libxv_commontasks.so(+0x45c278) [0x751d2f45c278]
/opt/2025.2/Vivado/lib/lnx64.o/libxv_commontasks.so(+0x45caed) [0x751d2f45caed]
/opt/2025.2/Vivado/lib/lnx64.o/libxv_common.so(+0x81e9c4) [0x751d3e01e9c4]
/opt/2025.2/Vivado/lib/lnx64.o/libtcl8.6.so(TclNRRunCallbacks+0x47) [0x751d3a084497]
/opt/2025.2/Vivado/lib/lnx64.o/libxv_commonmain.so(+0x12dfb) [0x751d3eb24dfb]
/opt/2025.2/Vivado/lib/lnx64.o/libtcl8.6.so(Tcl_MainEx+0x1a8) [0x751d3a143038]
/opt/2025.2/Vivado/lib/lnx64.o/libxv_common.so(+0xada064) [0x751d3e2da064]
/lib/x86_64-linux-gnu/libc.so.6(+0x9caa4) [0x751d3269caa4]
/lib/x86_64-linux-gnu/libc.so.6(+0x129c6c) [0x751d32729c6c]
