#-----------------------------------------------------------
# Vivado v2025.1 (64-bit)
# SW Build 6140274 on Wed May 21 22:58:25 MDT 2025
# IP Build 6138677 on Thu May 22 03:10:11 MDT 2025
# SharedData Build 6139179 on Tue May 20 17:58:58 MDT 2025
# Start of session at: Fri Oct 31 00:37:57 2025
# Process ID         : 4906
# Current directory  : /home/gary/Individual_Project/rtl
# Command line       : vivado
# Log file           : /home/gary/Individual_Project/rtl/vivado.log
# Journal file       : /home/gary/Individual_Project/rtl/vivado.jou
# Running On         : gary-IdeaPad-Slim-5-Light-14ABR8
# Platform           : Ubuntu
# Operating System   : Ubuntu 24.04.2 LTS
# Processor Detail   : AMD Ryzen 7 7730U with Radeon Graphics
# CPU Frequency      : 1095.000 MHz
# CPU Physical cores : 8
# CPU Logical cores  : 16
# Host memory        : 14481 MB
# Swap memory        : 4294 MB
# Total Virtual      : 18776 MB
# Available Virtual  : 17483 MB
#-----------------------------------------------------------
start_gui
open_project /home/gary/Individual_Project_Vivado/Individual_Project_Vivado.xpr
update_compile_order -fileset sources_1
