
****** xsim v2025.2 (64-bit)
  **** SW Build 6299465 on Fri Nov 14 12:34:56 MST 2025
  **** IP Build 6300035 on Fri Nov 14 10:48:45 MST 2025
  **** SharedData Build 6298862 on Thu Nov 13 04:50:51 MST 2025
  **** Start of session at: Tue Mar 24 16:58:04 2026
    ** Copyright 1986-2022 Xilinx, Inc. All Rights Reserved.
    ** Copyright 2022-2025 Advanced Micro Devices, Inc. All Rights Reserved.

source xsim.dir/sim_snapshot/xsim_script.tcl
# xsim {sim_snapshot} -testplusarg INPUT_HEX=/home/gary/Individual_Project/img/4x4_input.hex -testplusarg GOLDEN_OUT_HEX=/home/gary/Individual_Project/sim/expected_sobel_output.hex -testplusarg RTL_OUT_HEX=/home/gary/Individual_Project/sim/actual_output.hex -autoloadwcfg -runall
Time resolution is 1 ps
run -all
[TB] Loading input:  /home/gary/Individual_Project/img/4x4_input.hex
[TB] Loading golden: /home/gary/Individual_Project/sim/expected_sobel_output.hex
[TB] ──────── Starting Sobel kernel ────────
[TB] Array: 32x32  DataWidth: 16
[TB] Load complete
[TB] Gx complete
[TB] Gy complete
[TB] Magnitude complete
[FAIL] pixel 2 (row=0 col=2): got=0x00a3  expected=0x00a4
[FAIL] pixel 4 (row=0 col=4): got=0x00a6  expected=0x00a5
[FAIL] pixel 7 (row=0 col=7): got=0x009f  expected=0x009e
[FAIL] pixel 11 (row=0 col=11): got=0x00ba  expected=0x00b9
[FAIL] pixel 16 (row=0 col=16): got=0x00bc  expected=0x00bb
[FAIL] pixel 18 (row=0 col=18): got=0x00ba  expected=0x00bb
[FAIL] pixel 27 (row=0 col=27): got=0x00af  expected=0x00ae
[FAIL] pixel 28 (row=0 col=28): got=0x00ab  expected=0x00aa
[FAIL] pixel 29 (row=0 col=29): got=0x00a1  expected=0x00a0
[FAIL] pixel 31 (row=0 col=31): got=0x0097  expected=0x0096
[FAIL] pixel 34 (row=1 col=2): got=0x0009  expected=0x000a
[FAIL] pixel 40 (row=1 col=8): got=0x0004  expected=0x0003
[FAIL] pixel 43 (row=1 col=11): got=0x0016  expected=0x0017
[FAIL] pixel 49 (row=1 col=17): got=0x0008  expected=0x0009
[FAIL] pixel 51 (row=1 col=19): got=0x000a  expected=0x000b
[FAIL] pixel 52 (row=1 col=20): got=0x000b  expected=0x000a
[FAIL] pixel 56 (row=1 col=24): got=0x0003  expected=0x0004
[FAIL] pixel 57 (row=1 col=25): got=0x000a  expected=0x000b
[FAIL] pixel 59 (row=1 col=27): got=0x0014  expected=0x0015
[FAIL] pixel 60 (row=1 col=28): got=0x002a  expected=0x0029
[FAIL] pixel 62 (row=1 col=30): got=0x0020  expected=0x001f
[FAIL] pixel 63 (row=1 col=31): got=0x009f  expected=0x009e
[FAIL] pixel 64 (row=2 col=0): got=0x00ae  expected=0x00fe
[FAIL] pixel 65 (row=2 col=1): got=0x0010  expected=0x0012
[FAIL] pixel 69 (row=2 col=5): got=0x0009  expected=0x000a
[FAIL] pixel 70 (row=2 col=6): got=0x000e  expected=0x0011
[FAIL] pixel 71 (row=2 col=7): got=0x0008  expected=0x0009
[FAIL] pixel 72 (row=2 col=8): got=0x0005  expected=0x0006
[FAIL] pixel 73 (row=2 col=9): got=0x000b  expected=0x000f
[FAIL] pixel 74 (row=2 col=10): got=0x0011  expected=0x0018
[FAIL] pixel 75 (row=2 col=11): got=0x0014  expected=0x001e
[FAIL] pixel 76 (row=2 col=12): got=0x000f  expected=0x0016
[FAIL] pixel 77 (row=2 col=13): got=0x0003  expected=0x0004
[FAIL] pixel 79 (row=2 col=15): got=0x0003  expected=0x0007
[FAIL] pixel 80 (row=2 col=16): got=0x0004  expected=0x0008
[FAIL] pixel 81 (row=2 col=17): got=0x000a  expected=0x000c
[FAIL] pixel 82 (row=2 col=18): got=0x0003  expected=0x0004
[FAIL] pixel 83 (row=2 col=19): got=0x000a  expected=0x000e
[FAIL] pixel 84 (row=2 col=20): got=0x000a  expected=0x000f
[FAIL] pixel 85 (row=2 col=21): got=0x0008  expected=0x000e
[FAIL] pixel 87 (row=2 col=23): got=0x0003  expected=0x0008
[FAIL] pixel 88 (row=2 col=24): got=0x0005  expected=0x0004
[FAIL] pixel 89 (row=2 col=25): got=0x001c  expected=0x0021
[FAIL] pixel 90 (row=2 col=26): got=0x0039  expected=0x003b
[FAIL] pixel 91 (row=2 col=27): got=0x0051  expected=0x0053
[FAIL] pixel 92 (row=2 col=28): got=0x0050  expected=0x0055
[FAIL] pixel 93 (row=2 col=29): got=0x002f  expected=0x0033
[FAIL] pixel 94 (row=2 col=30): got=0x0024  expected=0x001f
[FAIL] pixel 95 (row=2 col=31): got=0x0092  expected=0x00df
[FAIL] pixel 96 (row=3 col=0): got=0x00ad  expected=0x0150
[FAIL] pixel 97 (row=3 col=1): got=0x000d  expected=0x0012
[FAIL] pixel 98 (row=3 col=2): got=0x000d  expected=0x000e
[FAIL] pixel 100 (row=3 col=4): got=0x000d  expected=0x000b
[FAIL] pixel 101 (row=3 col=5): got=0x0010  expected=0x0015
[FAIL] pixel 102 (row=3 col=6): got=0x0011  expected=0x001a
[FAIL] pixel 103 (row=3 col=7): got=0x000b  expected=0x0010
[FAIL] pixel 104 (row=3 col=8): got=0x0008  expected=0x000b
[FAIL] pixel 105 (row=3 col=9): got=0x000f  expected=0x0017
[FAIL] pixel 106 (row=3 col=10): got=0x0014  expected=0x0022
[FAIL] pixel 107 (row=3 col=11): got=0x0012  expected=0x0027
[FAIL] pixel 108 (row=3 col=12): got=0x000e  expected=0x001d
[FAIL] pixel 109 (row=3 col=13): got=0x0005  expected=0x0006
[FAIL] pixel 110 (row=3 col=14): got=0x0005  expected=0x0007
[FAIL] pixel 111 (row=3 col=15): got=0x0006  expected=0x000c
[FAIL] pixel 112 (row=3 col=16): got=0x000a  expected=0x000b
[FAIL] pixel 113 (row=3 col=17): got=0x000b  expected=0x0011
[FAIL] pixel 114 (row=3 col=18): got=0x0008  expected=0x0004
[FAIL] pixel 115 (row=3 col=19): got=0x0009  expected=0x0013
[FAIL] pixel 116 (row=3 col=20): got=0x000b  expected=0x0015
[FAIL] pixel 117 (row=3 col=21): got=0x0009  expected=0x0011
[FAIL] pixel 118 (row=3 col=22): got=0x0006  expected=0x0005
[FAIL] pixel 119 (row=3 col=23): got=0x0005  expected=0x0002
[FAIL] pixel 120 (row=3 col=24): got=0x002d  expected=0x002c
[FAIL] pixel 121 (row=3 col=25): got=0x0064  expected=0x006b
[FAIL] pixel 122 (row=3 col=26): got=0x0075  expected=0x007a
[FAIL] pixel 123 (row=3 col=27): got=0x005e  expected=0x006a
[FAIL] pixel 124 (row=3 col=28): got=0x0035  expected=0x0047
[FAIL] pixel 125 (row=3 col=29): got=0x0029  expected=0x0020
[FAIL] pixel 126 (row=3 col=30): got=0x0022  expected=0x001d
[FAIL] pixel 127 (row=3 col=31): got=0x0087  expected=0x011b
[FAIL] pixel 128 (row=4 col=0): got=0x00b2  expected=0x01a8
[FAIL] pixel 129 (row=4 col=1): got=0x000e  expected=0x0016
[FAIL] pixel 130 (row=4 col=2): got=0x000a  expected=0x000d
[FAIL] pixel 131 (row=4 col=3): got=0x000b  expected=0x000d
[FAIL] pixel 132 (row=4 col=4): got=0x0012  expected=0x0014
[FAIL] pixel 133 (row=4 col=5): got=0x0013  expected=0x001d
[FAIL] pixel 134 (row=4 col=6): got=0x000f  expected=0x001e
[FAIL] pixel 135 (row=4 col=7): got=0x0009  expected=0x0010
[FAIL] pixel 136 (row=4 col=8): got=0x0007  expected=0x000b
[FAIL] pixel 137 (row=4 col=9): got=0x0013  expected=0x0020
[FAIL] pixel 138 (row=4 col=10): got=0x0017  expected=0x002f
[FAIL] pixel 139 (row=4 col=11): got=0x0013  expected=0x0031
[FAIL] pixel 140 (row=4 col=12): got=0x0011  expected=0x0026
[FAIL] pixel 141 (row=4 col=13): got=0x000a  expected=0x000e
[FAIL] pixel 142 (row=4 col=14): got=0x0006  expected=0x0009
[FAIL] pixel 143 (row=4 col=15): got=0x0005  expected=0x000c
[FAIL] pixel 144 (row=4 col=16): got=0x000c  expected=0x0007
[FAIL] pixel 145 (row=4 col=17): got=0x0005  expected=0x000d
[FAIL] pixel 146 (row=4 col=18): got=0x000b  expected=0x0008
[FAIL] pixel 147 (row=4 col=19): got=0x0008  expected=0x0015
[FAIL] pixel 148 (row=4 col=20): got=0x0006  expected=0x0014
[FAIL] pixel 149 (row=4 col=21): got=0x0008  expected=0x0010
[FAIL] pixel 150 (row=4 col=22): got=0x001a  expected=0x0018
[FAIL] pixel 151 (row=4 col=23): got=0x004a  expected=0x0044
[FAIL] pixel 152 (row=4 col=24): got=0x0084  expected=0x0086
[FAIL] pixel 153 (row=4 col=25): got=0x0085  expected=0x0098
[FAIL] pixel 154 (row=4 col=26): got=0x004f  expected=0x0067
[FAIL] pixel 155 (row=4 col=27): got=0x001b  expected=0x0037
[FAIL] pixel 156 (row=4 col=28): got=0x001a  expected=0x001d
[FAIL] pixel 157 (row=4 col=29): got=0x0024  expected=0x001d
[FAIL] pixel 158 (row=4 col=30): got=0x001d  expected=0x0020
[FAIL] pixel 159 (row=4 col=31): got=0x007d  expected=0x0151
[FAIL] pixel 160 (row=5 col=0): got=0x00bd  expected=0x0209
[FAIL] pixel 161 (row=5 col=1): got=0x0016  expected=0x0020
[FAIL] pixel 162 (row=5 col=2): got=0x000b  expected=0x0010
[FAIL] pixel 163 (row=5 col=3): got=0x0013  expected=0x0019
[FAIL] pixel 164 (row=5 col=4): got=0x0019  expected=0x0021
[FAIL] pixel 165 (row=5 col=5): got=0x0015  expected=0x0025
[FAIL] pixel 166 (row=5 col=6): got=0x0009  expected=0x001d
[FAIL] pixel 167 (row=5 col=7): got=0x0004  expected=0x000e
[FAIL] pixel 168 (row=5 col=8): got=0x0004  expected=0x000a
[FAIL] pixel 169 (row=5 col=9): got=0x0013  expected=0x0026
[FAIL] pixel 170 (row=5 col=10): got=0x001a  expected=0x003c
[FAIL] pixel 171 (row=5 col=11): got=0x0019  expected=0x0040
[FAIL] pixel 172 (row=5 col=12): got=0x0012  expected=0x002d
[FAIL] pixel 173 (row=5 col=13): got=0x0006  expected=0x000d
[FAIL] pixel 174 (row=5 col=14): got=0x0003  expected=0x0007
[FAIL] pixel 175 (row=5 col=15): got=0x0005  expected=0x000c
[FAIL] pixel 176 (row=5 col=16): got=0x0009  expected=0x0004
[FAIL] pixel 177 (row=5 col=17): got=0x0002  expected=0x0007
[FAIL] pixel 178 (row=5 col=18): got=0x0008  expected=0x0009
[FAIL] pixel 179 (row=5 col=19): got=0x0003  expected=0x0014
[FAIL] pixel 180 (row=5 col=20): got=0x000c  expected=0x0019
[FAIL] pixel 181 (row=5 col=21): got=0x0030  expected=0x003a
[FAIL] pixel 183 (row=5 col=23): got=0x0086  expected=0x0083
[FAIL] pixel 184 (row=5 col=24): got=0x006f  expected=0x0087
[FAIL] pixel 185 (row=5 col=25): got=0x0031  expected=0x0063
[FAIL] pixel 186 (row=5 col=26): got=0x0003  expected=0x002e
[FAIL] pixel 187 (row=5 col=27): got=0x0018  expected=0x0023
[FAIL] pixel 188 (row=5 col=28): got=0x0011  expected=0x0016
[FAIL] pixel 189 (row=5 col=29): got=0x000f  expected=0x0014
[FAIL] pixel 190 (row=5 col=30): got=0x0013  expected=0x001c
[FAIL] pixel 191 (row=5 col=31): got=0x0071  expected=0x0181
[FAIL] pixel 192 (row=6 col=0): got=0x00c0  expected=0x0266
[FAIL] pixel 193 (row=6 col=1): got=0x0012  expected=0x0021
[FAIL] pixel 195 (row=6 col=3): got=0x0018  expected=0x0023
[FAIL] pixel 196 (row=6 col=4): got=0x0021  expected=0x0034
[FAIL] pixel 197 (row=6 col=5): got=0x0015  expected=0x002e
[FAIL] pixel 198 (row=6 col=6): got=0x0006  expected=0x001e
[FAIL] pixel 199 (row=6 col=7): got=0x0001  expected=0x000d
[FAIL] pixel 200 (row=6 col=8): got=0x0008  expected=0x000f
[FAIL] pixel 201 (row=6 col=9): got=0x001a  expected=0x0036
[FAIL] pixel 202 (row=6 col=10): got=0x0024  expected=0x0051
[FAIL] pixel 203 (row=6 col=11): got=0x0017  expected=0x0048
[FAIL] pixel 204 (row=6 col=12): got=0x000a  expected=0x002d
[FAIL] pixel 205 (row=6 col=13): got=0x0007  expected=0x0011
[FAIL] pixel 206 (row=6 col=14): got=0x0004  expected=0x0002
[FAIL] pixel 207 (row=6 col=15): got=0x0003  expected=0x0009
[FAIL] pixel 208 (row=6 col=16): got=0x0000  expected=0x0001
[FAIL] pixel 209 (row=6 col=17): got=0x0005  expected=0x0007
[FAIL] pixel 210 (row=6 col=18): got=0x0005  expected=0x000a
[FAIL] pixel 211 (row=6 col=19): got=0x000f  expected=0x0020
[FAIL] pixel 212 (row=6 col=20): got=0x003a  expected=0x0049
[FAIL] pixel 213 (row=6 col=21): got=0x0068  expected=0x0077
[FAIL] pixel 214 (row=6 col=22): got=0x006d  expected=0x007a
[FAIL] pixel 215 (row=6 col=23): got=0x003f  expected=0x0057
[FAIL] pixel 216 (row=6 col=24): got=0x0019  expected=0x0052
[FAIL] pixel 217 (row=6 col=25): got=0x0025  expected=0x006b
[FAIL] pixel 218 (row=6 col=26): got=0x002d  expected=0x004f
[FAIL] pixel 219 (row=6 col=27): got=0x0027  expected=0x0033
[FAIL] pixel 220 (row=6 col=28): got=0x001a  expected=0x0026
[FAIL] pixel 221 (row=6 col=29): got=0x0015  expected=0x0023
[FAIL] pixel 222 (row=6 col=30): got=0x0009  expected=0x0018
[FAIL] pixel 223 (row=6 col=31): got=0x006b  expected=0x01b3
[FAIL] pixel 224 (row=7 col=0): got=0x00c4  expected=0x02c6
[FAIL] pixel 225 (row=7 col=1): got=0x000e  expected=0x0023
[FAIL] pixel 226 (row=7 col=2): got=0x0006  expected=0x0001
[FAIL] pixel 227 (row=7 col=3): got=0x001f  expected=0x0031
[FAIL] pixel 228 (row=7 col=4): got=0x0027  expected=0x0047
[FAIL] pixel 229 (row=7 col=5): got=0x000f  expected=0x002f
[FAIL] pixel 230 (row=7 col=6): got=0x0001  expected=0x001b
[FAIL] pixel 231 (row=7 col=7): got=0x0002  expected=0x000b
[FAIL] pixel 232 (row=7 col=8): got=0x000c  expected=0x0014
[FAIL] pixel 233 (row=7 col=9): got=0x001e  expected=0x0041
[FAIL] pixel 234 (row=7 col=10): got=0x001f  expected=0x0058
[FAIL] pixel 235 (row=7 col=11): got=0x000b  expected=0x0046
[FAIL] pixel 236 (row=7 col=12): got=0x0005  expected=0x002e
[FAIL] pixel 237 (row=7 col=13): got=0x0009  expected=0x0014
[FAIL] pixel 238 (row=7 col=14): got=0x0008  expected=0x0003
[FAIL] pixel 239 (row=7 col=15): got=0x0003  expected=0x0007
[FAIL] pixel 242 (row=7 col=18): got=0x0018  expected=0x0020
[FAIL] pixel 243 (row=7 col=19): got=0x0046  expected=0x0058
[FAIL] pixel 244 (row=7 col=20): got=0x0066  expected=0x007c
[FAIL] pixel 245 (row=7 col=21): got=0x0051  expected=0x0073
[FAIL] pixel 246 (row=7 col=22): got=0x0019  expected=0x0042
[FAIL] pixel 247 (row=7 col=23): got=0x0022  expected=0x0057
[FAIL] pixel 248 (row=7 col=24): got=0x0035  expected=0x006c
[FAIL] pixel 249 (row=7 col=25): got=0x0037  expected=0x0074
[FAIL] pixel 250 (row=7 col=26): got=0x0030  expected=0x0058
[FAIL] pixel 251 (row=7 col=27): got=0x002c  expected=0x003e
[FAIL] pixel 252 (row=7 col=28): got=0x0027  expected=0x0035
[FAIL] pixel 253 (row=7 col=29): got=0x0027  expected=0x002c
[FAIL] pixel 254 (row=7 col=30): got=0x0020  expected=0x0022
[FAIL] pixel 255 (row=7 col=31): got=0x007a  expected=0x01f6
[FAIL] pixel 256 (row=8 col=0): got=0x00c8  expected=0x0328
[FAIL] pixel 257 (row=8 col=1): got=0x000a  expected=0x0023
[FAIL] pixel 258 (row=8 col=2): got=0x0011  expected=0x000e
[FAIL] pixel 259 (row=8 col=3): got=0x002a  expected=0x0048
[FAIL] pixel 260 (row=8 col=4): got=0x0026  expected=0x0058
[FAIL] pixel 261 (row=8 col=5): got=0x000b  expected=0x0033
[FAIL] pixel 262 (row=8 col=6): got=0x0002  expected=0x001c
[FAIL] pixel 263 (row=8 col=7): got=0x000a  expected=0x000c
[FAIL] pixel 264 (row=8 col=8): got=0x0018  expected=0x0023
[FAIL] pixel 265 (row=8 col=9): got=0x0020  expected=0x004e
[FAIL] pixel 266 (row=8 col=10): got=0x001a  expected=0x0060
[FAIL] pixel 267 (row=8 col=11): got=0x0005  expected=0x0045
[FAIL] pixel 268 (row=8 col=12): got=0x0005  expected=0x0031
[FAIL] pixel 269 (row=8 col=13): got=0x000b  expected=0x0019
[FAIL] pixel 270 (row=8 col=14): got=0x0006  expected=0x0004
[FAIL] pixel 271 (row=8 col=15): got=0x0001  expected=0x0007
[FAIL] pixel 272 (row=8 col=16): got=0x0006  expected=0x0007
[FAIL] pixel 273 (row=8 col=17): got=0x001f  expected=0x001a
[FAIL] pixel 274 (row=8 col=18): got=0x004c  expected=0x0055
[FAIL] pixel 275 (row=8 col=19): got=0x0060  expected=0x007c
[FAIL] pixel 276 (row=8 col=20): got=0x003b  expected=0x0068
[FAIL] pixel 277 (row=8 col=21): got=0x0010  expected=0x0050
[FAIL] pixel 278 (row=8 col=22): got=0x0020  expected=0x0059
[FAIL] pixel 279 (row=8 col=23): got=0x002f  expected=0x0056
[FAIL] pixel 280 (row=8 col=24): got=0x0031  expected=0x005e
[FAIL] pixel 281 (row=8 col=25): got=0x0027  expected=0x0065
[FAIL] pixel 282 (row=8 col=26): got=0x0020  expected=0x0049
[FAIL] pixel 283 (row=8 col=27): got=0x001d  expected=0x0031
[FAIL] pixel 284 (row=8 col=28): got=0x0020  expected=0x002e
[FAIL] pixel 285 (row=8 col=29): got=0x002a  expected=0x0028
[FAIL] pixel 286 (row=8 col=30): got=0x002f  expected=0x0029
[FAIL] pixel 287 (row=8 col=31): got=0x0092  expected=0x0243
[FAIL] pixel 288 (row=9 col=0): got=0x00c6  expected=0x0386
[FAIL] pixel 289 (row=9 col=1): got=0x0008  expected=0x0018
[FAIL] pixel 290 (row=9 col=2): got=0x0024  expected=0x0025
[FAIL] pixel 291 (row=9 col=3): got=0x002d  expected=0x005a
[FAIL] pixel 292 (row=9 col=4): got=0x0020  expected=0x0062
[FAIL] pixel 293 (row=9 col=5): got=0x0007  expected=0x0035
[FAIL] pixel 294 (row=9 col=6): got=0x0007  expected=0x0017
[FAIL] pixel 295 (row=9 col=7): got=0x0013  expected=0x0009
[FAIL] pixel 296 (row=9 col=8): got=0x001a  expected=0x002b
[FAIL] pixel 297 (row=9 col=9): got=0x001b  expected=0x0056
[FAIL] pixel 298 (row=9 col=10): got=0x0014  expected=0x0066
[FAIL] pixel 299 (row=9 col=11): got=0x0005  expected=0x0048
[FAIL] pixel 300 (row=9 col=12): got=0x000c  expected=0x0039
[FAIL] pixel 301 (row=9 col=13): got=0x000e  expected=0x001f
[FAIL] pixel 302 (row=9 col=14): got=0x0004  expected=0x0003
[FAIL] pixel 303 (row=9 col=15): got=0x000b  expected=0x0011
[FAIL] pixel 304 (row=9 col=16): got=0x0028  expected=0x002a
[FAIL] pixel 305 (row=9 col=17): got=0x0055  expected=0x0052
[FAIL] pixel 306 (row=9 col=18): got=0x005f  expected=0x0070
[FAIL] pixel 307 (row=9 col=19): got=0x0031  expected=0x0064
[FAIL] pixel 308 (row=9 col=20): got=0x0003  expected=0x0047
[FAIL] pixel 309 (row=9 col=21): got=0x0019  expected=0x0054
[FAIL] pixel 310 (row=9 col=22): got=0x001b  expected=0x004b
[FAIL] pixel 311 (row=9 col=23): got=0x001c  expected=0x003d
[FAIL] pixel 312 (row=9 col=24): got=0x0018  expected=0x0042
[FAIL] pixel 313 (row=9 col=25): got=0x000d  expected=0x004e
[FAIL] pixel 314 (row=9 col=26): got=0x000f  expected=0x0038
[FAIL] pixel 315 (row=9 col=27): got=0x000a  expected=0x001f
[FAIL] pixel 316 (row=9 col=28): got=0x000c  expected=0x0018
[FAIL] pixel 317 (row=9 col=29): got=0x0015  expected=0x001e
[FAIL] pixel 318 (row=9 col=30): got=0x0024  expected=0x0021
[FAIL] pixel 319 (row=9 col=31): got=0x00a1  expected=0x028e
[FAIL] pixel 320 (row=10 col=0): got=0x00c2  expected=0x03e2
[FAIL] pixel 321 (row=10 col=1): got=0x001a  expected=0x0012
[FAIL] pixel 322 (row=10 col=2): got=0x002c  expected=0x0036
[FAIL] pixel 323 (row=10 col=3): got=0x0026  expected=0x0062
[FAIL] pixel 324 (row=10 col=4): got=0x0017  expected=0x0064
[FAIL] pixel 325 (row=10 col=5): got=0x0002  expected=0x002c
[FAIL] pixel 327 (row=10 col=7): got=0x0018  expected=0x0011
[FAIL] pixel 328 (row=10 col=8): got=0x001a  expected=0x0034
[FAIL] pixel 329 (row=10 col=9): got=0x001a  expected=0x005e
[FAIL] pixel 330 (row=10 col=10): got=0x0012  expected=0x006c
[FAIL] pixel 331 (row=10 col=11): got=0x000c  expected=0x004f
[FAIL] pixel 332 (row=10 col=12): got=0x000f  expected=0x003f
[FAIL] pixel 333 (row=10 col=13): got=0x0007  expected=0x001c
[FAIL] pixel 334 (row=10 col=14): got=0x0011  expected=0x0010
[FAIL] pixel 335 (row=10 col=15): got=0x0036  expected=0x003c
[FAIL] pixel 336 (row=10 col=16): got=0x005d  expected=0x0061
[FAIL] pixel 337 (row=10 col=17): got=0x005c  expected=0x0066
[FAIL] pixel 338 (row=10 col=18): got=0x002d  expected=0x0058
[FAIL] pixel 339 (row=10 col=19): got=0x0005  expected=0x0047
[FAIL] pixel 340 (row=10 col=20): got=0x0012  expected=0x0044
[FAIL] pixel 341 (row=10 col=21): got=0x0011  expected=0x0044
[FAIL] pixel 342 (row=10 col=22): got=0x000e  expected=0x003a
[FAIL] pixel 343 (row=10 col=23): got=0x000e  expected=0x002f
[FAIL] pixel 344 (row=10 col=24): got=0x0008  expected=0x0035
[FAIL] pixel 345 (row=10 col=25): got=0x0000  expected=0x0042
[FAIL] pixel 346 (row=10 col=26): got=0x0007  expected=0x0032
[FAIL] pixel 347 (row=10 col=27): got=0x0011  expected=0x0025
[FAIL] pixel 348 (row=10 col=28): got=0x0012  expected=0x0017
[FAIL] pixel 349 (row=10 col=29): got=0x0011  expected=0x0018
[FAIL] pixel 350 (row=10 col=30): got=0x0007  expected=0x000c
[FAIL] pixel 351 (row=10 col=31): got=0x00a1  expected=0x02d1
[FAIL] pixel 352 (row=11 col=0): got=0x00c1  expected=0x0443
[FAIL] pixel 353 (row=11 col=1): got=0x0022  expected=0x000b
[FAIL] pixel 354 (row=11 col=2): got=0x002b  expected=0x0045
[FAIL] pixel 355 (row=11 col=3): got=0x001d  expected=0x006a
[FAIL] pixel 356 (row=11 col=4): got=0x000c  expected=0x0064
[FAIL] pixel 357 (row=11 col=5): got=0x000e  expected=0x002b
[FAIL] pixel 358 (row=11 col=6): got=0x0019  expected=0x000c
[FAIL] pixel 360 (row=11 col=8): got=0x001e  expected=0x0040
[FAIL] pixel 361 (row=11 col=9): got=0x0017  expected=0x0064
[FAIL] pixel 362 (row=11 col=10): got=0x0010  expected=0x0071
[FAIL] pixel 363 (row=11 col=11): got=0x000f  expected=0x0053
[FAIL] pixel 364 (row=11 col=12): got=0x0008  expected=0x003c
[FAIL] pixel 365 (row=11 col=13): got=0x0013  expected=0x0017
[FAIL] pixel 366 (row=11 col=14): got=0x0048  expected=0x0049
[FAIL] pixel 367 (row=11 col=15): got=0x006c  expected=0x0077
[FAIL] pixel 368 (row=11 col=16): got=0x0057  expected=0x0069
[FAIL] pixel 369 (row=11 col=17): got=0x001e  expected=0x0040
[FAIL] pixel 370 (row=11 col=18): got=0x0005  expected=0x003e
[FAIL] pixel 371 (row=11 col=19): got=0x000e  expected=0x0047
[FAIL] pixel 372 (row=11 col=20): got=0x000b  expected=0x003c
[FAIL] pixel 373 (row=11 col=21): got=0x000d  expected=0x003e
[FAIL] pixel 374 (row=11 col=22): got=0x000e  expected=0x0033
[FAIL] pixel 375 (row=11 col=23): got=0x000b  expected=0x0028
[FAIL] pixel 376 (row=11 col=24): got=0x0007  expected=0x0039
[FAIL] pixel 377 (row=11 col=25): got=0x000a  expected=0x004c
[FAIL] pixel 378 (row=11 col=26): got=0x0010  expected=0x003e
[FAIL] pixel 379 (row=11 col=27): got=0x0021  expected=0x0037
[FAIL] pixel 380 (row=11 col=28): got=0x001a  expected=0x0023
[FAIL] pixel 381 (row=11 col=29): got=0x0031  expected=0x003c
[FAIL] pixel 382 (row=11 col=30): got=0x001a  expected=0x001e
[FAIL] pixel 383 (row=11 col=31): got=0x009b  expected=0x0319
[FAIL] pixel 384 (row=12 col=0): got=0x00bf  expected=0x04a1
[FAIL] pixel 385 (row=12 col=1): got=0x0024  expected=0x0018
[FAIL] pixel 386 (row=12 col=2): got=0x0027  expected=0x004e
[FAIL] pixel 387 (row=12 col=3): got=0x0010  expected=0x0067
[FAIL] pixel 388 (row=12 col=4): got=0x0005  expected=0x0064
[FAIL] pixel 389 (row=12 col=5): got=0x0017  expected=0x0027
[FAIL] pixel 390 (row=12 col=6): got=0x001f  expected=0x0011
[FAIL] pixel 391 (row=12 col=7): got=0x001e  expected=0x0024
[FAIL] pixel 392 (row=12 col=8): got=0x001e  expected=0x0047
[FAIL] pixel 393 (row=12 col=9): got=0x0012  expected=0x0066
[FAIL] pixel 394 (row=12 col=10): got=0x000e  expected=0x0074
[FAIL] pixel 395 (row=12 col=11): got=0x0004  expected=0x004d
[FAIL] pixel 396 (row=12 col=12): got=0x001e  expected=0x003a
[FAIL] pixel 397 (row=12 col=13): got=0x0056  expected=0x003d
[FAIL] pixel 398 (row=12 col=14): got=0x0078  expected=0x0081
[FAIL] pixel 399 (row=12 col=15): got=0x0055  expected=0x0075
[FAIL] pixel 400 (row=12 col=16): got=0x0016  expected=0x0042
[FAIL] pixel 401 (row=12 col=17): got=0x000a  expected=0x0029
[FAIL] pixel 402 (row=12 col=18): got=0x000a  expected=0x003c
[FAIL] pixel 403 (row=12 col=19): got=0x0003  expected=0x0041
[FAIL] pixel 404 (row=12 col=20): got=0x000a  expected=0x0041
[FAIL] pixel 405 (row=12 col=21): got=0x0011  expected=0x003e
[FAIL] pixel 406 (row=12 col=22): got=0x0013  expected=0x0032
[FAIL] pixel 407 (row=12 col=23): got=0x0011  expected=0x0031
[FAIL] pixel 408 (row=12 col=24): got=0x0013  expected=0x0045
[FAIL] pixel 409 (row=12 col=25): got=0x0011  expected=0x0053
[FAIL] pixel 410 (row=12 col=26): got=0x0012  expected=0x0042
[FAIL] pixel 411 (row=12 col=27): got=0x0022  expected=0x003e
[FAIL] pixel 412 (row=12 col=28): got=0x0026  expected=0x0030
[FAIL] pixel 413 (row=12 col=29): got=0x003e  expected=0x0053
[FAIL] pixel 414 (row=12 col=30): got=0x0044  expected=0x0049
[FAIL] pixel 415 (row=12 col=31): got=0x0097  expected=0x0362
[FAIL] pixel 416 (row=13 col=0): got=0x00b9  expected=0x04f8
[FAIL] pixel 417 (row=13 col=1): got=0x0024  expected=0x0026
[FAIL] pixel 418 (row=13 col=2): got=0x001c  expected=0x0055
[FAIL] pixel 419 (row=13 col=3): got=0x000d  expected=0x006e
[FAIL] pixel 420 (row=13 col=4): got=0x000b  expected=0x0068
[FAIL] pixel 421 (row=13 col=5): got=0x001c  expected=0x0021
[FAIL] pixel 422 (row=13 col=6): got=0x0024  expected=0x001f
[FAIL] pixel 423 (row=13 col=7): got=0x001b  expected=0x002b
[FAIL] pixel 424 (row=13 col=8): got=0x001b  expected=0x004d
[FAIL] pixel 425 (row=13 col=9): got=0x0012  expected=0x0069
[FAIL] pixel 426 (row=13 col=10): got=0x0005  expected=0x006c
[FAIL] pixel 427 (row=13 col=11): got=0x0028  expected=0x004b
[FAIL] pixel 428 (row=13 col=12): got=0x0067  expected=0x0044
[FAIL] pixel 429 (row=13 col=13): got=0x007f  expected=0x0071
[FAIL] pixel 430 (row=13 col=14): got=0x0053  expected=0x0076
[FAIL] pixel 431 (row=13 col=15): got=0x0011  expected=0x004c
[FAIL] pixel 432 (row=13 col=16): got=0x0009  expected=0x002e
[FAIL] pixel 433 (row=13 col=17): got=0x000d  expected=0x0029
[FAIL] pixel 434 (row=13 col=18): got=0x000d  expected=0x003e
[FAIL] pixel 435 (row=13 col=19): got=0x0009  expected=0x004b
[FAIL] pixel 436 (row=13 col=20): got=0x000a  expected=0x0046
[FAIL] pixel 437 (row=13 col=21): got=0x0014  expected=0x003d
[FAIL] pixel 438 (row=13 col=22): got=0x0015  expected=0x0035
[FAIL] pixel 439 (row=13 col=23): got=0x0016  expected=0x003b
[FAIL] pixel 440 (row=13 col=24): got=0x0018  expected=0x004a
[FAIL] pixel 441 (row=13 col=25): got=0x0014  expected=0x0051
[FAIL] pixel 442 (row=13 col=26): got=0x0017  expected=0x004b
[FAIL] pixel 443 (row=13 col=27): got=0x002e  expected=0x0056
[FAIL] pixel 444 (row=13 col=28): got=0x0046  expected=0x0051
[FAIL] pixel 445 (row=13 col=29): got=0x003b  expected=0x005c
[FAIL] pixel 446 (row=13 col=30): got=0x006a  expected=0x007b
[FAIL] pixel 447 (row=13 col=31): got=0x008e  expected=0x03a5
[FAIL] pixel 448 (row=14 col=0): got=0x00b1  expected=0x054b
[FAIL] pixel 449 (row=14 col=1): got=0x001b  expected=0x002a
[FAIL] pixel 450 (row=14 col=2): got=0x0010  expected=0x0058
[FAIL] pixel 451 (row=14 col=3): got=0x000b  expected=0x0071
[FAIL] pixel 452 (row=14 col=4): got=0x0010  expected=0x0067
[FAIL] pixel 453 (row=14 col=5): got=0x0022  expected=0x0019
[FAIL] pixel 454 (row=14 col=6): got=0x001f  expected=0x0024
[FAIL] pixel 455 (row=14 col=7): got=0x0013  expected=0x002b
[FAIL] pixel 456 (row=14 col=8): got=0x0017  expected=0x0053
[FAIL] pixel 457 (row=14 col=9): got=0x0003  expected=0x005f
[FAIL] pixel 458 (row=14 col=10): got=0x0038  expected=0x006b
[FAIL] pixel 459 (row=14 col=11): got=0x007f  expected=0x0055
[FAIL] pixel 460 (row=14 col=12): got=0x0086  expected=0x005c
[FAIL] pixel 461 (row=14 col=13): got=0x004d  expected=0x005b
[FAIL] pixel 462 (row=14 col=14): got=0x0014  expected=0x0052
[FAIL] pixel 463 (row=14 col=15): got=0x0010  expected=0x003f
[FAIL] pixel 464 (row=14 col=16): got=0x000e  expected=0x0031
[FAIL] pixel 465 (row=14 col=17): got=0x000d  expected=0x0031
[FAIL] pixel 466 (row=14 col=18): got=0x0014  expected=0x004b
[FAIL] pixel 467 (row=14 col=19): got=0x001a  expected=0x005b
[FAIL] pixel 468 (row=14 col=20): got=0x001a  expected=0x0054
[FAIL] pixel 469 (row=14 col=21): got=0x0022  expected=0x0048
[FAIL] pixel 470 (row=14 col=22): got=0x001f  expected=0x0043
[FAIL] pixel 471 (row=14 col=23): got=0x0020  expected=0x0045
[FAIL] pixel 472 (row=14 col=24): got=0x001c  expected=0x004b
[FAIL] pixel 473 (row=14 col=25): got=0x001b  expected=0x0056
[FAIL] pixel 474 (row=14 col=26): got=0x0028  expected=0x005f
[FAIL] pixel 475 (row=14 col=27): got=0x0042  expected=0x0076
[FAIL] pixel 476 (row=14 col=28): got=0x0052  expected=0x006b
[FAIL] pixel 477 (row=14 col=29): got=0x0028  expected=0x0051
[FAIL] pixel 478 (row=14 col=30): got=0x006a  expected=0x0094
[FAIL] pixel 479 (row=14 col=31): got=0x0078  expected=0x03d2
[FAIL] pixel 480 (row=15 col=0): got=0x00b0  expected=0x05a0
[FAIL] pixel 481 (row=15 col=1): got=0x0014  expected=0x0030
[FAIL] pixel 482 (row=15 col=2): got=0x000f  expected=0x0061
[FAIL] pixel 483 (row=15 col=3): got=0x000b  expected=0x0073
[FAIL] pixel 484 (row=15 col=4): got=0x0015  expected=0x0064
[FAIL] pixel 485 (row=15 col=5): got=0x0020  expected=0x000f
[FAIL] pixel 486 (row=15 col=6): got=0x001a  expected=0x002a
[FAIL] pixel 487 (row=15 col=7): got=0x0016  expected=0x0034
[FAIL] pixel 488 (row=15 col=8): got=0x0007  expected=0x004c
[FAIL] pixel 489 (row=15 col=9): got=0x0042  expected=0x0063
[FAIL] pixel 490 (row=15 col=10): got=0x0091  expected=0x0072
[FAIL] pixel 491 (row=15 col=11): got=0x0091  expected=0x0059
[FAIL] pixel 492 (row=15 col=12): got=0x0044  expected=0x003a
[FAIL] pixel 493 (row=15 col=13): got=0x000f  expected=0x0030
[FAIL] pixel 494 (row=15 col=14): got=0x0007  expected=0x0045
[FAIL] pixel 495 (row=15 col=15): got=0x0011  expected=0x003f
[FAIL] pixel 496 (row=15 col=16): got=0x0011  expected=0x0034
[FAIL] pixel 497 (row=15 col=17): got=0x000f  expected=0x0034
[FAIL] pixel 498 (row=15 col=18): got=0x0017  expected=0x004c
[FAIL] pixel 499 (row=15 col=19): got=0x0022  expected=0x0063
[FAIL] pixel 500 (row=15 col=20): got=0x0026  expected=0x0062
[FAIL] pixel 501 (row=15 col=21): got=0x002e  expected=0x0054
[FAIL] pixel 502 (row=15 col=22): got=0x002b  expected=0x0052
[FAIL] pixel 503 (row=15 col=23): got=0x002a  expected=0x0050
[FAIL] pixel 504 (row=15 col=24): got=0x002c  expected=0x0058
[FAIL] pixel 505 (row=15 col=25): got=0x002b  expected=0x006a
[FAIL] pixel 506 (row=15 col=26): got=0x003b  expected=0x0074
[FAIL] pixel 507 (row=15 col=27): got=0x0046  expected=0x0087
[FAIL] pixel 508 (row=15 col=28): got=0x003c  expected=0x006b
[FAIL] pixel 509 (row=15 col=29): got=0x0011  expected=0x003d
[FAIL] pixel 510 (row=15 col=30): got=0x004e  expected=0x0099
[FAIL] pixel 511 (row=15 col=31): got=0x0060  expected=0x03f1
[FAIL] pixel 512 (row=16 col=0): got=0x00b1  expected=0x05f8
[FAIL] pixel 513 (row=16 col=1): got=0x0011  expected=0x0037
[FAIL] pixel 514 (row=16 col=2): got=0x000a  expected=0x0061
[FAIL] pixel 515 (row=16 col=3): got=0x000e  expected=0x006e
[FAIL] pixel 516 (row=16 col=4): got=0x0018  expected=0x005f
[FAIL] pixel 517 (row=16 col=5): got=0x001e  expected=0x0014
[FAIL] pixel 518 (row=16 col=6): got=0x001c  expected=0x0035
[FAIL] pixel 519 (row=16 col=7): got=0x0006  expected=0x002b
[FAIL] pixel 520 (row=16 col=8): got=0x0046  expected=0x004d
[FAIL] pixel 521 (row=16 col=9): got=0x009b  expected=0x0067
[FAIL] pixel 522 (row=16 col=10): got=0x0090  expected=0x005c
[FAIL] pixel 523 (row=16 col=11): got=0x0041  expected=0x0031
[FAIL] pixel 525 (row=16 col=13): got=0x0010  expected=0x0023
[FAIL] pixel 526 (row=16 col=14): got=0x000e  expected=0x0050
[FAIL] pixel 527 (row=16 col=15): got=0x0016  expected=0x0050
[FAIL] pixel 528 (row=16 col=16): got=0x0022  expected=0x0048
[FAIL] pixel 529 (row=16 col=17): got=0x001f  expected=0x0042
[FAIL] pixel 530 (row=16 col=18): got=0x0017  expected=0x004f
[FAIL] pixel 531 (row=16 col=19): got=0x0022  expected=0x0065
[FAIL] pixel 532 (row=16 col=20): got=0x0025  expected=0x0060
[FAIL] pixel 533 (row=16 col=21): got=0x0022  expected=0x004c
[FAIL] pixel 534 (row=16 col=22): got=0x0025  expected=0x004b
[FAIL] pixel 535 (row=16 col=23): got=0x0028  expected=0x004d
[FAIL] pixel 536 (row=16 col=24): got=0x002c  expected=0x005b
[FAIL] pixel 537 (row=16 col=25): got=0x002e  expected=0x006d
[FAIL] pixel 538 (row=16 col=26): got=0x0034  expected=0x0075
[FAIL] pixel 539 (row=16 col=27): got=0x0032  expected=0x0083
[FAIL] pixel 540 (row=16 col=28): got=0x001f  expected=0x0064
[FAIL] pixel 541 (row=16 col=29): got=0x0009  expected=0x0035
[FAIL] pixel 542 (row=16 col=30): got=0x0032  expected=0x009c
[FAIL] pixel 543 (row=16 col=31): got=0x0053  expected=0x040f
[FAIL] pixel 544 (row=17 col=0): got=0x00b8  expected=0x0656
[FAIL] pixel 545 (row=17 col=1): got=0x0013  expected=0x0041
[FAIL] pixel 546 (row=17 col=2): got=0x000e  expected=0x0068
[FAIL] pixel 547 (row=17 col=3): got=0x0014  expected=0x006b
[FAIL] pixel 548 (row=17 col=4): got=0x001c  expected=0x0058
[FAIL] pixel 549 (row=17 col=5): got=0x001d  expected=0x001b
[FAIL] pixel 550 (row=17 col=6): got=0x0002  expected=0x0021
[FAIL] pixel 551 (row=17 col=7): got=0x004f  expected=0x0030
[FAIL] pixel 552 (row=17 col=8): got=0x00a5  expected=0x005a
[FAIL] pixel 553 (row=17 col=9): got=0x0090  expected=0x004e
[FAIL] pixel 554 (row=17 col=10): got=0x0034  expected=0x002f
[FAIL] pixel 555 (row=17 col=11): got=0x0006  expected=0x000f
[FAIL] pixel 556 (row=17 col=12): got=0x000d  expected=0x000a
[FAIL] pixel 557 (row=17 col=13): got=0x0014  expected=0x002c
[FAIL] pixel 558 (row=17 col=14): got=0x001e  expected=0x005e
[FAIL] pixel 559 (row=17 col=15): got=0x0025  expected=0x005b
[FAIL] pixel 560 (row=17 col=16): got=0x002a  expected=0x0052
[FAIL] pixel 561 (row=17 col=17): got=0x002f  expected=0x0049
[FAIL] pixel 562 (row=17 col=18): got=0x0029  expected=0x005b
[FAIL] pixel 563 (row=17 col=19): got=0x002c  expected=0x0076
[FAIL] pixel 564 (row=17 col=20): got=0x0026  expected=0x0064
[FAIL] pixel 565 (row=17 col=21): got=0x0013  expected=0x003f
[FAIL] pixel 566 (row=17 col=22): got=0x0012  expected=0x003a
[FAIL] pixel 567 (row=17 col=23): got=0x0015  expected=0x003b
[FAIL] pixel 568 (row=17 col=24): got=0x0015  expected=0x0045
[FAIL] pixel 569 (row=17 col=25): got=0x0017  expected=0x0056
[FAIL] pixel 570 (row=17 col=26): got=0x001a  expected=0x0062
[FAIL] pixel 571 (row=17 col=27): got=0x0013  expected=0x0072
[FAIL] pixel 572 (row=17 col=28): got=0x000b  expected=0x005c
[FAIL] pixel 573 (row=17 col=29): got=0x0003  expected=0x002f
[FAIL] pixel 574 (row=17 col=30): got=0x0014  expected=0x0092
[FAIL] pixel 575 (row=17 col=31): got=0x0045  expected=0x0424
[FAIL] pixel 576 (row=18 col=0): got=0x00b6  expected=0x06ac
[FAIL] pixel 577 (row=18 col=1): got=0x0009  expected=0x003d
[FAIL] pixel 578 (row=18 col=2): got=0x0009  expected=0x0065
[FAIL] pixel 579 (row=18 col=3): got=0x0016  expected=0x0063
[FAIL] pixel 580 (row=18 col=4): got=0x001c  expected=0x004f
[FAIL] pixel 581 (row=18 col=5): got=0x0002  expected=0x0005
[FAIL] pixel 582 (row=18 col=6): got=0x005a  expected=0x0032
[FAIL] pixel 583 (row=18 col=7): got=0x00ab  expected=0x0084
[FAIL] pixel 584 (row=18 col=8): got=0x0094  expected=0x0069
[FAIL] pixel 585 (row=18 col=9): got=0x0038  expected=0x0023
[FAIL] pixel 586 (row=18 col=10): got=0x0010  expected=0x001d
[FAIL] pixel 587 (row=18 col=11): got=0x000a  expected=0x0015
[FAIL] pixel 588 (row=18 col=12): got=0x000d  expected=0x0014
[FAIL] pixel 589 (row=18 col=13): got=0x0015  expected=0x0035
[FAIL] pixel 590 (row=18 col=14): got=0x0020  expected=0x0064
[FAIL] pixel 591 (row=18 col=15): got=0x001e  expected=0x0058
[FAIL] pixel 592 (row=18 col=16): got=0x001c  expected=0x0045
[FAIL] pixel 593 (row=18 col=17): got=0x0017  expected=0x0034
[FAIL] pixel 594 (row=18 col=18): got=0x0021  expected=0x004e
[FAIL] pixel 595 (row=18 col=19): got=0x001e  expected=0x0073
[FAIL] pixel 596 (row=18 col=20): got=0x0019  expected=0x0061
[FAIL] pixel 597 (row=18 col=21): got=0x000a  expected=0x0036
[FAIL] pixel 598 (row=18 col=22): got=0x000b  expected=0x0033
[FAIL] pixel 599 (row=18 col=23): got=0x000e  expected=0x0034
[FAIL] pixel 600 (row=18 col=24): got=0x0008  expected=0x0038
[FAIL] pixel 601 (row=18 col=25): got=0x0009  expected=0x0049
[FAIL] pixel 602 (row=18 col=26): got=0x0009  expected=0x0055
[FAIL] pixel 603 (row=18 col=27): got=0x0004  expected=0x0069
[FAIL] pixel 604 (row=18 col=28): got=0x0003  expected=0x0058
[FAIL] pixel 605 (row=18 col=29): got=0x0004  expected=0x0030
[FAIL] pixel 606 (row=18 col=30): got=0x0005  expected=0x008c
[FAIL] pixel 607 (row=18 col=31): got=0x003e  expected=0x043c
[FAIL] pixel 608 (row=19 col=0): got=0x00b9  expected=0x0709
[FAIL] pixel 609 (row=19 col=1): got=0x0006  expected=0x003e
[FAIL] pixel 610 (row=19 col=2): got=0x0006  expected=0x0062
[FAIL] pixel 611 (row=19 col=3): got=0x0018  expected=0x0059
[FAIL] pixel 612 (row=19 col=4): got=0x0004  expected=0x0047
[FAIL] pixel 613 (row=19 col=5): got=0x0054  expected=0x0049
[FAIL] pixel 614 (row=19 col=6): got=0x00a8  expected=0x0087
[FAIL] pixel 615 (row=19 col=7): got=0x008f  expected=0x008a
[FAIL] pixel 616 (row=19 col=8): got=0x0037  expected=0x003b
[FAIL] pixel 617 (row=19 col=9): got=0x000a  expected=0x0009
[FAIL] pixel 618 (row=19 col=10): got=0x000b  expected=0x001a
[FAIL] pixel 619 (row=19 col=11): got=0x0014  expected=0x001f
[FAIL] pixel 620 (row=19 col=12): got=0x0017  expected=0x001d
[FAIL] pixel 621 (row=19 col=13): got=0x0018  expected=0x0037
[FAIL] pixel 622 (row=19 col=14): got=0x0019  expected=0x0063
[FAIL] pixel 623 (row=19 col=15): got=0x0016  expected=0x0057
[FAIL] pixel 624 (row=19 col=16): got=0x0011  expected=0x003f
[FAIL] pixel 625 (row=19 col=17): got=0x0006  expected=0x0025
[FAIL] pixel 626 (row=19 col=18): got=0x000a  expected=0x003b
[FAIL] pixel 627 (row=19 col=19): got=0x0008  expected=0x0063
[FAIL] pixel 628 (row=19 col=20): got=0x0007  expected=0x0056
[FAIL] pixel 629 (row=19 col=21): got=0x0004  expected=0x0031
[FAIL] pixel 630 (row=19 col=22): got=0x0007  expected=0x002e
[FAIL] pixel 631 (row=19 col=23): got=0x0006  expected=0x002e
[FAIL] pixel 632 (row=19 col=24): got=0x0004  expected=0x0035
[FAIL] pixel 633 (row=19 col=25): got=0x0007  expected=0x0047
[FAIL] pixel 634 (row=19 col=26): got=0x0005  expected=0x0053
[FAIL] pixel 635 (row=19 col=27): got=0x0004  expected=0x0069
[FAIL] pixel 636 (row=19 col=28): got=0x0005  expected=0x005b
[FAIL] pixel 637 (row=19 col=29): got=0x0008  expected=0x0034
[FAIL] pixel 638 (row=19 col=30): got=0x0004  expected=0x008d
[FAIL] pixel 639 (row=19 col=31): got=0x0040  expected=0x045c
[FAIL] pixel 640 (row=20 col=0): got=0x00c0  expected=0x076c
[FAIL] pixel 641 (row=20 col=1): got=0x0009  expected=0x0044
[FAIL] pixel 642 (row=20 col=2): got=0x000d  expected=0x0063
[FAIL] pixel 643 (row=20 col=3): got=0x0006  expected=0x0052
[FAIL] pixel 644 (row=20 col=4): got=0x004a  expected=0x008c
[FAIL] pixel 645 (row=20 col=5): got=0x00a1  expected=0x009d
[FAIL] pixel 646 (row=20 col=6): got=0x008f  expected=0x0092
[FAIL] pixel 647 (row=20 col=7): got=0x0038  expected=0x0060
[FAIL] pixel 648 (row=20 col=8): got=0x0008  expected=0x0021
[FAIL] pixel 649 (row=20 col=9): got=0x0009  expected=0x0007
[FAIL] pixel 650 (row=20 col=10): got=0x000a  expected=0x0016
[FAIL] pixel 651 (row=20 col=11): got=0x0016  expected=0x0022
[FAIL] pixel 652 (row=20 col=12): got=0x0013  expected=0x001b
[FAIL] pixel 653 (row=20 col=13): got=0x0014  expected=0x0035
[FAIL] pixel 654 (row=20 col=14): got=0x0012  expected=0x0060
[FAIL] pixel 655 (row=20 col=15): got=0x000c  expected=0x0053
[FAIL] pixel 656 (row=20 col=16): got=0x0005  expected=0x003a
[FAIL] pixel 657 (row=20 col=17): got=0x0001  expected=0x0020
[FAIL] pixel 658 (row=20 col=18): got=0x0001  expected=0x0036
[FAIL] pixel 659 (row=20 col=19): got=0x0004  expected=0x005a
[FAIL] pixel 660 (row=20 col=20): got=0x0002  expected=0x0053
[FAIL] pixel 661 (row=20 col=21): got=0x0005  expected=0x0031
[FAIL] pixel 662 (row=20 col=22): got=0x0003  expected=0x002b
[FAIL] pixel 663 (row=20 col=23): got=0x0004  expected=0x002e
[FAIL] pixel 664 (row=20 col=24): got=0x0007  expected=0x0038
[FAIL] pixel 665 (row=20 col=25): got=0x0006  expected=0x0047
[FAIL] pixel 666 (row=20 col=26): got=0x0003  expected=0x0053
[FAIL] pixel 667 (row=20 col=27): got=0x0003  expected=0x0068
[FAIL] pixel 668 (row=20 col=28): got=0x0002  expected=0x0059
[FAIL] pixel 669 (row=20 col=29): got=0x000a  expected=0x0038
[FAIL] pixel 670 (row=20 col=30): got=0x000d  expected=0x0097
[FAIL] pixel 671 (row=20 col=31): got=0x0046  expected=0x0483
[FAIL] pixel 672 (row=21 col=0): got=0x00c0  expected=0x07c9
[FAIL] pixel 673 (row=21 col=1): got=0x0007  expected=0x0043
[FAIL] pixel 674 (row=21 col=2): got=0x0003  expected=0x005f
[FAIL] pixel 675 (row=21 col=3): got=0x0045  expected=0x0095
[FAIL] pixel 676 (row=21 col=4): got=0x009d  expected=0x00e4
[FAIL] pixel 677 (row=21 col=5): got=0x008e  expected=0x00ae
[FAIL] pixel 678 (row=21 col=6): got=0x0038  expected=0x006d
[FAIL] pixel 679 (row=21 col=7): got=0x0009  expected=0x004b
[FAIL] pixel 680 (row=21 col=8): got=0x0004  expected=0x0020
[FAIL] pixel 681 (row=21 col=9): got=0x0006  expected=0x0008
[FAIL] pixel 682 (row=21 col=10): got=0x000f  expected=0x0014
[FAIL] pixel 683 (row=21 col=11): got=0x0017  expected=0x0028
[FAIL] pixel 684 (row=21 col=12): got=0x000f  expected=0x0019
[FAIL] pixel 685 (row=21 col=13): got=0x000b  expected=0x002f
[FAIL] pixel 686 (row=21 col=14): got=0x0009  expected=0x005a
[FAIL] pixel 687 (row=21 col=15): got=0x0006  expected=0x004e
[FAIL] pixel 688 (row=21 col=16): got=0x0006  expected=0x0039
[FAIL] pixel 689 (row=21 col=17): got=0x0003  expected=0x0023
[FAIL] pixel 690 (row=21 col=18): got=0x0001  expected=0x0035
[FAIL] pixel 691 (row=21 col=19): got=0x0002  expected=0x005a
[FAIL] pixel 692 (row=21 col=20): got=0x0003  expected=0x0055
[FAIL] pixel 693 (row=21 col=21): got=0x0003  expected=0x0030
[FAIL] pixel 694 (row=21 col=22): got=0x0002  expected=0x002b
[FAIL] pixel 695 (row=21 col=23): got=0x0006  expected=0x0030
[FAIL] pixel 696 (row=21 col=24): got=0x0007  expected=0x003a
[FAIL] pixel 697 (row=21 col=25): got=0x0003  expected=0x0046
[FAIL] pixel 698 (row=21 col=26): got=0x0001  expected=0x0051
[FAIL] pixel 699 (row=21 col=27): got=0x0001  expected=0x0064
[FAIL] pixel 700 (row=21 col=28): got=0x0007  expected=0x0057
[FAIL] pixel 701 (row=21 col=29): got=0x0017  expected=0x0048
[FAIL] pixel 702 (row=21 col=30): got=0x001e  expected=0x00a9
[FAIL] pixel 703 (row=21 col=31): got=0x0052  expected=0x04ad
[FAIL] pixel 704 (row=22 col=0): got=0x00c2  expected=0x0828
[FAIL] pixel 705 (row=22 col=1): got=0x0006  expected=0x0042
[FAIL] pixel 706 (row=22 col=2): got=0x0040  expected=0x009a
[FAIL] pixel 707 (row=22 col=3): got=0x0099  expected=0x00ec
[FAIL] pixel 708 (row=22 col=4): got=0x0093  expected=0x00f9
[FAIL] pixel 709 (row=22 col=5): got=0x0034  expected=0x0084
[FAIL] pixel 710 (row=22 col=6): got=0x0003  expected=0x0054
[FAIL] pixel 711 (row=22 col=7): got=0x000e  expected=0x0057
[FAIL] pixel 712 (row=22 col=8): got=0x000e  expected=0x002b
[FAIL] pixel 713 (row=22 col=9): got=0x0004  expected=0x0001
[FAIL] pixel 714 (row=22 col=10): got=0x0012  expected=0x000b
[FAIL] pixel 715 (row=22 col=11): got=0x0017  expected=0x002e
[FAIL] pixel 716 (row=22 col=12): got=0x000a  expected=0x0016
[FAIL] pixel 717 (row=22 col=13): got=0x0004  expected=0x002a
[FAIL] pixel 718 (row=22 col=14): got=0x0002  expected=0x0054
[FAIL] pixel 719 (row=22 col=15): got=0x0001  expected=0x004a
[FAIL] pixel 720 (row=22 col=16): got=0x0005  expected=0x0037
[FAIL] pixel 721 (row=22 col=17): got=0x0001  expected=0x0020
[FAIL] pixel 722 (row=22 col=18): got=0x0000  expected=0x0035
[FAIL] pixel 723 (row=22 col=19): got=0x0005  expected=0x005e
[FAIL] pixel 724 (row=22 col=20): got=0x0004  expected=0x0056
[FAIL] pixel 725 (row=22 col=21): got=0x0002  expected=0x0030
[FAIL] pixel 726 (row=22 col=22): got=0x0004  expected=0x002d
[FAIL] pixel 727 (row=22 col=23): got=0x0006  expected=0x0031
[FAIL] pixel 728 (row=22 col=24): got=0x0004  expected=0x0038
[FAIL] pixel 729 (row=22 col=25): got=0x0004  expected=0x0042
[FAIL] pixel 730 (row=22 col=26): got=0x000c  expected=0x004f
[FAIL] pixel 731 (row=22 col=27): got=0x0014  expected=0x006f
[FAIL] pixel 732 (row=22 col=28): got=0x0015  expected=0x0062
[FAIL] pixel 733 (row=22 col=29): got=0x0023  expected=0x005a
[FAIL] pixel 734 (row=22 col=30): got=0x0036  expected=0x00c6
[FAIL] pixel 735 (row=22 col=31): got=0x0061  expected=0x04de
[FAIL] pixel 736 (row=23 col=0): got=0x00c2  expected=0x0886
[FAIL] pixel 737 (row=23 col=1): got=0x003b  expected=0x0078
[FAIL] pixel 738 (row=23 col=2): got=0x0092  expected=0x00f2
[FAIL] pixel 739 (row=23 col=3): got=0x0090  expected=0x0101
[FAIL] pixel 740 (row=23 col=4): got=0x0032  expected=0x00c6
[FAIL] pixel 741 (row=23 col=5): got=0x000d  expected=0x006a
[FAIL] pixel 742 (row=23 col=6): got=0x0008  expected=0x005c
[FAIL] pixel 743 (row=23 col=7): got=0x000b  expected=0x0057
[FAIL] pixel 744 (row=23 col=8): got=0x000c  expected=0x002c
[FAIL] pixel 745 (row=23 col=9): got=0x000d  expected=0x000a
[FAIL] pixel 746 (row=23 col=10): got=0x0017  expected=0x000b
[FAIL] pixel 747 (row=23 col=11): got=0x0012  expected=0x0031
[FAIL] pixel 748 (row=23 col=12): got=0x0005  expected=0x0014
[FAIL] pixel 749 (row=23 col=13): got=0x0005  expected=0x0028
[FAIL] pixel 750 (row=23 col=14): got=0x0003  expected=0x0052
[FAIL] pixel 751 (row=23 col=15): got=0x0006  expected=0x004a
[FAIL] pixel 752 (row=23 col=16): got=0x0012  expected=0x0039
[FAIL] pixel 753 (row=23 col=17): got=0x0016  expected=0x002c
[FAIL] pixel 754 (row=23 col=18): got=0x0013  expected=0x0047
[FAIL] pixel 755 (row=23 col=19): got=0x0009  expected=0x0062
[FAIL] pixel 756 (row=23 col=20): got=0x0006  expected=0x004f
[FAIL] pixel 757 (row=23 col=21): got=0x000a  expected=0x0030
[FAIL] pixel 758 (row=23 col=22): got=0x000a  expected=0x0035
[FAIL] pixel 759 (row=23 col=23): got=0x000a  expected=0x0038
[FAIL] pixel 760 (row=23 col=24): got=0x000a  expected=0x003f
[FAIL] pixel 761 (row=23 col=25): got=0x000a  expected=0x0045
[FAIL] pixel 762 (row=23 col=26): got=0x0019  expected=0x003c
[FAIL] pixel 763 (row=23 col=27): got=0x0025  expected=0x0069
[FAIL] pixel 764 (row=23 col=28): got=0x0019  expected=0x006d
[FAIL] pixel 765 (row=23 col=29): got=0x001d  expected=0x005e
[FAIL] pixel 766 (row=23 col=30): got=0x003b  expected=0x00d4
[FAIL] pixel 767 (row=23 col=31): got=0x0062  expected=0x0504
[FAIL] pixel 768 (row=24 col=0): got=0x00be  expected=0x08e4
[FAIL] pixel 769 (row=24 col=1): got=0x008e  expected=0x00ce
[FAIL] pixel 770 (row=24 col=2): got=0x0092  expected=0x0110
[FAIL] pixel 771 (row=24 col=3): got=0x0038  expected=0x00d9
[FAIL] pixel 772 (row=24 col=4): got=0x000a  expected=0x00b8
[FAIL] pixel 773 (row=24 col=5): got=0x000d  expected=0x006c
[FAIL] pixel 774 (row=24 col=6): got=0x0007  expected=0x0059
[FAIL] pixel 775 (row=24 col=7): got=0x0013  expected=0x0062
[FAIL] pixel 776 (row=24 col=8): got=0x0019  expected=0x003f
[FAIL] pixel 778 (row=24 col=10): got=0x0016  expected=0x0011
[FAIL] pixel 779 (row=24 col=11): got=0x000d  expected=0x0032
[FAIL] pixel 780 (row=24 col=12): got=0x0004  expected=0x0012
[FAIL] pixel 781 (row=24 col=13): got=0x0006  expected=0x0023
[FAIL] pixel 782 (row=24 col=14): got=0x000b  expected=0x0050
[FAIL] pixel 783 (row=24 col=15): got=0x0018  expected=0x004b
[FAIL] pixel 784 (row=24 col=16): got=0x0028  expected=0x003c
[FAIL] pixel 785 (row=24 col=17): got=0x0020  expected=0x0035
[FAIL] pixel 786 (row=24 col=18): got=0x0029  expected=0x005d
[FAIL] pixel 787 (row=24 col=19): got=0x0018  expected=0x0074
[FAIL] pixel 788 (row=24 col=20): got=0x0019  expected=0x0051
[FAIL] pixel 789 (row=24 col=21): got=0x001e  expected=0x0038
[FAIL] pixel 790 (row=24 col=22): got=0x001c  expected=0x0049
[FAIL] pixel 791 (row=24 col=23): got=0x0019  expected=0x0049
[FAIL] pixel 792 (row=24 col=24): got=0x000b  expected=0x0042
[FAIL] pixel 793 (row=24 col=25): got=0x0009  expected=0x0046
[FAIL] pixel 794 (row=24 col=26): got=0x0028  expected=0x0036
[FAIL] pixel 795 (row=24 col=27): got=0x0025  expected=0x0044
[FAIL] pixel 796 (row=24 col=28): got=0x000c  expected=0x005d
[FAIL] pixel 797 (row=24 col=29): got=0x0007  expected=0x004e
[FAIL] pixel 798 (row=24 col=30): got=0x0044  expected=0x00f0
[FAIL] pixel 799 (row=24 col=31): got=0x0067  expected=0x0533
[FAIL] pixel 800 (row=25 col=0): got=0x00b0  expected=0x0934
[FAIL] pixel 801 (row=25 col=1): got=0x008f  expected=0x00ea
[FAIL] pixel 802 (row=25 col=2): got=0x0037  expected=0x00e5
[FAIL] pixel 803 (row=25 col=3): got=0x0007  expected=0x00c7
[FAIL] pixel 804 (row=25 col=4): got=0x0006  expected=0x00b7
[FAIL] pixel 805 (row=25 col=5): got=0x000b  expected=0x006d
[FAIL] pixel 806 (row=25 col=6): got=0x0019  expected=0x006d
[FAIL] pixel 807 (row=25 col=7): got=0x001e  expected=0x0071
[FAIL] pixel 808 (row=25 col=8): got=0x001a  expected=0x0045
[FAIL] pixel 809 (row=25 col=9): got=0x000f  expected=0x0017
[FAIL] pixel 810 (row=25 col=10): got=0x000d  expected=0x0010
[FAIL] pixel 811 (row=25 col=11): got=0x0009  expected=0x0032
[FAIL] pixel 812 (row=25 col=12): got=0x0006  expected=0x000f
[FAIL] pixel 813 (row=25 col=13): got=0x000d  expected=0x0025
[FAIL] pixel 814 (row=25 col=14): got=0x0015  expected=0x004e
[FAIL] pixel 815 (row=25 col=15): got=0x0026  expected=0x0040
[FAIL] pixel 816 (row=25 col=16): got=0x002e  expected=0x002f
[FAIL] pixel 817 (row=25 col=17): got=0x0017  expected=0x0032
[FAIL] pixel 818 (row=25 col=18): got=0x0032  expected=0x006e
[FAIL] pixel 819 (row=25 col=19): got=0x001d  expected=0x0080
[FAIL] pixel 820 (row=25 col=20): got=0x0022  expected=0x0042
[FAIL] pixel 821 (row=25 col=21): got=0x0026  expected=0x0030
[FAIL] pixel 822 (row=25 col=22): got=0x002c  expected=0x005d
[FAIL] pixel 823 (row=25 col=23): got=0x0033  expected=0x006b
[FAIL] pixel 824 (row=25 col=24): got=0x001a  expected=0x0054
[FAIL] pixel 825 (row=25 col=25): got=0x0004  expected=0x0043
[FAIL] pixel 826 (row=25 col=26): got=0x001b  expected=0x0024
[FAIL] pixel 827 (row=25 col=27): got=0x002f  expected=0x0026
[FAIL] pixel 828 (row=25 col=28): got=0x000c  expected=0x005e
[FAIL] pixel 829 (row=25 col=29): got=0x0020  expected=0x0038
[FAIL] pixel 830 (row=25 col=30): got=0x0023  expected=0x00e7
[FAIL] pixel 831 (row=25 col=31): got=0x0055  expected=0x054f
[FAIL] pixel 832 (row=26 col=0): got=0x008c  expected=0x0955
[FAIL] pixel 833 (row=26 col=1): got=0x0035  expected=0x00be
[FAIL] pixel 834 (row=26 col=2): got=0x0013  expected=0x00d7
[FAIL] pixel 835 (row=26 col=3): got=0x0013  expected=0x00d5
[FAIL] pixel 836 (row=26 col=4): got=0x0011  expected=0x00c0
[FAIL] pixel 837 (row=26 col=5): got=0x000e  expected=0x0072
[FAIL] pixel 838 (row=26 col=6): got=0x0011  expected=0x006a
[FAIL] pixel 839 (row=26 col=7): got=0x0014  expected=0x006e
[FAIL] pixel 840 (row=26 col=8): got=0x000c  expected=0x003e
[FAIL] pixel 841 (row=26 col=9): got=0x0005  expected=0x0013
[FAIL] pixel 842 (row=26 col=10): got=0x0009  expected=0x0012
[FAIL] pixel 843 (row=26 col=11): got=0x0008  expected=0x0036
[FAIL] pixel 844 (row=26 col=12): got=0x000b  expected=0x000e
[FAIL] pixel 845 (row=26 col=13): got=0x0010  expected=0x001f
[FAIL] pixel 846 (row=26 col=14): got=0x0019  expected=0x0048
[FAIL] pixel 847 (row=26 col=15): got=0x0026  expected=0x002d
[FAIL] pixel 848 (row=26 col=16): got=0x002b  expected=0x0016
[FAIL] pixel 849 (row=26 col=17): got=0x0016  expected=0x002d
[FAIL] pixel 850 (row=26 col=18): got=0x003d  expected=0x0087
[FAIL] pixel 851 (row=26 col=19): got=0x002c  expected=0x0096
[FAIL] pixel 852 (row=26 col=20): got=0x001e  expected=0x002d
[FAIL] pixel 853 (row=26 col=21): got=0x0023  expected=0x0010
[FAIL] pixel 854 (row=26 col=22): got=0x0020  expected=0x005a
[FAIL] pixel 855 (row=26 col=23): got=0x003b  expected=0x0080
[FAIL] pixel 856 (row=26 col=24): got=0x0033  expected=0x0072
[FAIL] pixel 857 (row=26 col=25): got=0x001d  expected=0x005c
[FAIL] pixel 858 (row=26 col=26): got=0x002e  expected=0x0030
[FAIL] pixel 859 (row=26 col=27): got=0x004a  expected=0x0026
[FAIL] pixel 860 (row=26 col=28): got=0x0015  expected=0x0067
[FAIL] pixel 861 (row=26 col=29): got=0x0036  expected=0x0024
[FAIL] pixel 862 (row=26 col=30): got=0x0007  expected=0x00d4
[FAIL] pixel 863 (row=26 col=31): got=0x003e  expected=0x055c
[FAIL] pixel 864 (row=27 col=0): got=0x0067  expected=0x0961
[FAIL] pixel 865 (row=27 col=1): got=0x0010  expected=0x00ad
[FAIL] pixel 866 (row=27 col=2): got=0x001c  expected=0x00d9
[FAIL] pixel 867 (row=27 col=3): got=0x0019  expected=0x00da
[FAIL] pixel 868 (row=27 col=4): got=0x001d  expected=0x00ce
[FAIL] pixel 869 (row=27 col=5): got=0x001c  expected=0x0085
[FAIL] pixel 870 (row=27 col=6): got=0x001e  expected=0x007f
[FAIL] pixel 871 (row=27 col=7): got=0x0023  expected=0x0086
[FAIL] pixel 872 (row=27 col=8): got=0x001b  expected=0x0054
[FAIL] pixel 873 (row=27 col=9): got=0x0014  expected=0x0024
[FAIL] pixel 874 (row=27 col=10): got=0x0011  expected=0x001e
[FAIL] pixel 875 (row=27 col=11): got=0x0008  expected=0x003b
[FAIL] pixel 876 (row=27 col=12): got=0x0005  expected=0x0009
[FAIL] pixel 877 (row=27 col=13): got=0x0013  expected=0x0011
[FAIL] pixel 878 (row=27 col=14): got=0x001b  expected=0x003c
[FAIL] pixel 879 (row=27 col=15): got=0x001e  expected=0x0020
[FAIL] pixel 880 (row=27 col=16): got=0x0027  expected=0x0010
[FAIL] pixel 881 (row=27 col=17): got=0x0018  expected=0x001e
[FAIL] pixel 882 (row=27 col=18): got=0x003d  expected=0x009b
[FAIL] pixel 883 (row=27 col=19): got=0x0047  expected=0x00be
[FAIL] pixel 884 (row=27 col=20): got=0x000e  expected=0x0035
[FAIL] pixel 885 (row=27 col=21): got=0x002c  expected=0x0011
[FAIL] pixel 886 (row=27 col=22): got=0x000a  expected=0x0046
[FAIL] pixel 887 (row=27 col=23): got=0x0022  expected=0x0079
[FAIL] pixel 888 (row=27 col=24): got=0x0031  expected=0x007b
[FAIL] pixel 889 (row=27 col=25): got=0x0027  expected=0x0068
[FAIL] pixel 890 (row=27 col=26): got=0x0032  expected=0x0033
[FAIL] pixel 891 (row=27 col=27): got=0x0027  expected=0x0010
[FAIL] pixel 892 (row=27 col=28): got=0x0019  expected=0x006d
[FAIL] pixel 893 (row=27 col=29): got=0x0033  expected=0x001a
[FAIL] pixel 894 (row=27 col=30): got=0x001d  expected=0x00ec
[FAIL] pixel 895 (row=27 col=31): got=0x004d  expected=0x0588
[FAIL] pixel 896 (row=28 col=0): got=0x0074  expected=0x099d
[FAIL] pixel 897 (row=28 col=1): got=0x001e  expected=0x00a8
[FAIL] pixel 898 (row=28 col=2): got=0x0015  expected=0x00cf
[FAIL] pixel 899 (row=28 col=3): got=0x0018  expected=0x00db
[FAIL] pixel 900 (row=28 col=4): got=0x0021  expected=0x00d9
[FAIL] pixel 901 (row=28 col=5): got=0x0022  expected=0x0092
[FAIL] pixel 902 (row=28 col=6): got=0x001f  expected=0x008a
[FAIL] pixel 903 (row=28 col=7): got=0x0025  expected=0x0091
[FAIL] pixel 904 (row=28 col=8): got=0x002c  expected=0x0068
[FAIL] pixel 905 (row=28 col=9): got=0x002b  expected=0x003e
[FAIL] pixel 906 (row=28 col=10): got=0x0025  expected=0x0036
[FAIL] pixel 907 (row=28 col=11): got=0x0015  expected=0x0049
[FAIL] pixel 908 (row=28 col=12): got=0x0002  expected=0x000c
[FAIL] pixel 909 (row=28 col=13): got=0x0015  expected=0x0005
[FAIL] pixel 910 (row=28 col=14): got=0x001b  expected=0x002b
[FAIL] pixel 911 (row=28 col=15): got=0x0017  expected=0x0016
[FAIL] pixel 912 (row=28 col=16): got=0x0020  expected=0x0018
[FAIL] pixel 913 (row=28 col=17): got=0x0017  expected=0x0003
[FAIL] pixel 914 (row=28 col=18): got=0x0022  expected=0x0095
[FAIL] pixel 915 (row=28 col=19): got=0x004b  expected=0x00d6
[FAIL] pixel 916 (row=28 col=20): got=0x002b  expected=0x0054
[FAIL] pixel 917 (row=28 col=21): got=0x0018  expected=0x000f
[FAIL] pixel 918 (row=28 col=22): got=0x002e  expected=0x004c
[FAIL] pixel 919 (row=28 col=23): got=0x0009  expected=0x006e
[FAIL] pixel 920 (row=28 col=24): got=0x0010  expected=0x0067
[FAIL] pixel 921 (row=28 col=25): got=0x000f  expected=0x0052
[FAIL] pixel 922 (row=28 col=26): got=0x0008  expected=0x001c
[FAIL] pixel 923 (row=28 col=27): got=0x0011  expected=0x001e
[FAIL] pixel 924 (row=28 col=28): got=0x002c  expected=0x0080
[FAIL] pixel 925 (row=28 col=29): got=0x0008  expected=0x001a
[FAIL] pixel 926 (row=28 col=30): got=0x0062  expected=0x0131
[FAIL] pixel 927 (row=28 col=31): got=0x006e  expected=0x05c7
[FAIL] pixel 928 (row=29 col=0): got=0x0080  expected=0x09dc
[FAIL] pixel 929 (row=29 col=1): got=0x001f  expected=0x00a1
[FAIL] pixel 930 (row=29 col=2): got=0x0013  expected=0x00ca
[FAIL] pixel 931 (row=29 col=3): got=0x0013  expected=0x00db
[FAIL] pixel 932 (row=29 col=4): got=0x001f  expected=0x00df
[FAIL] pixel 933 (row=29 col=5): got=0x0023  expected=0x009b
[FAIL] pixel 934 (row=29 col=6): got=0x0021  expected=0x0093
[FAIL] pixel 935 (row=29 col=7): got=0x0024  expected=0x0098
[FAIL] pixel 936 (row=29 col=8): got=0x002a  expected=0x006d
[FAIL] pixel 937 (row=29 col=9): got=0x002e  expected=0x0047
[FAIL] pixel 938 (row=29 col=10): got=0x0034  expected=0x004b
[FAIL] pixel 939 (row=29 col=11): got=0x002e  expected=0x0065
[FAIL] pixel 940 (row=29 col=12): got=0x0010  expected=0x001a
[FAIL] pixel 941 (row=29 col=13): got=0x0014  expected=0x0004
[FAIL] pixel 942 (row=29 col=14): got=0x0022  expected=0x0023
[FAIL] pixel 943 (row=29 col=15): got=0x001a  expected=0x000a
[FAIL] pixel 944 (row=29 col=16): got=0x001d  expected=0x0027
[FAIL] pixel 945 (row=29 col=17): got=0x0020  expected=0x0010
[FAIL] pixel 946 (row=29 col=18): got=0x0004  expected=0x007f
[FAIL] pixel 947 (row=29 col=19): got=0x0034  expected=0x00d7
[FAIL] pixel 948 (row=29 col=20): got=0x004a  expected=0x0078
[FAIL] pixel 949 (row=29 col=21): got=0x0025  expected=0x0022
[FAIL] pixel 950 (row=29 col=22): got=0x0016  expected=0x0040
[FAIL] pixel 951 (row=29 col=23): got=0x0025  expected=0x007d
[FAIL] pixel 952 (row=29 col=24): got=0x001b  expected=0x0077
[FAIL] pixel 953 (row=29 col=25): got=0x0018  expected=0x005b
[FAIL] pixel 954 (row=29 col=26): got=0x001d  expected=0x002f
[FAIL] pixel 955 (row=29 col=27): got=0x0019  expected=0x0021
[FAIL] pixel 956 (row=29 col=28): got=0x0006  expected=0x0062
[FAIL] pixel 957 (row=29 col=29): got=0x0051  expected=0x005f
[FAIL] pixel 958 (row=29 col=30): got=0x009c  expected=0x017b
[FAIL] pixel 959 (row=29 col=31): got=0x0096  expected=0x060f
[FAIL] pixel 960 (row=30 col=0): got=0x0081  expected=0x0a14
[FAIL] pixel 961 (row=30 col=1): got=0x0012  expected=0x0094
[FAIL] pixel 962 (row=30 col=2): got=0x000e  expected=0x00be
[FAIL] pixel 963 (row=30 col=3): got=0x0009  expected=0x00d5
[FAIL] pixel 964 (row=30 col=4): got=0x0016  expected=0x00df
[FAIL] pixel 965 (row=30 col=5): got=0x001b  expected=0x009c
[FAIL] pixel 966 (row=30 col=6): got=0x0018  expected=0x008f
[FAIL] pixel 967 (row=30 col=7): got=0x001f  expected=0x0096
[FAIL] pixel 968 (row=30 col=8): got=0x0029  expected=0x0071
[FAIL] pixel 969 (row=30 col=9): got=0x0029  expected=0x004a
[FAIL] pixel 970 (row=30 col=10): got=0x0033  expected=0x0055
[FAIL] pixel 971 (row=30 col=11): got=0x003a  expected=0x0079
[FAIL] pixel 972 (row=30 col=12): got=0x0025  expected=0x002f
[FAIL] pixel 974 (row=30 col=14): got=0x0021  expected=0x001c
[FAIL] pixel 975 (row=30 col=15): got=0x0026  expected=0x0015
[FAIL] pixel 976 (row=30 col=16): got=0x001f  expected=0x0038
[FAIL] pixel 977 (row=30 col=17): got=0x0015  expected=0x0014
[FAIL] pixel 978 (row=30 col=18): got=0x000e  expected=0x007c
[FAIL] pixel 979 (row=30 col=19): got=0x0010  expected=0x00c8
[FAIL] pixel 980 (row=30 col=20): got=0x003b  expected=0x007e
[FAIL] pixel 982 (row=30 col=22): got=0x002a  expected=0x005d
[FAIL] pixel 983 (row=30 col=23): got=0x0008  expected=0x006d
[FAIL] pixel 984 (row=30 col=24): got=0x000d  expected=0x006c
[FAIL] pixel 985 (row=30 col=25): got=0x0011  expected=0x0050
[FAIL] pixel 986 (row=30 col=26): got=0x0006  expected=0x0016
[FAIL] pixel 987 (row=30 col=27): got=0x0022  expected=0x0015
[FAIL] pixel 988 (row=30 col=28): got=0x0057  expected=0x0079
[FAIL] pixel 989 (row=30 col=29): got=0x008d  expected=0x00a4
[FAIL] pixel 990 (row=30 col=30): got=0x0092  expected=0x0198
[FAIL] pixel 991 (row=30 col=31): got=0x00b1  expected=0x0657
[FAIL] pixel 992 (row=31 col=0): got=0x00b3  expected=0x0a83
[FAIL] pixel 993 (row=31 col=1): got=0x0082  expected=0x0106
[FAIL] pixel 994 (row=31 col=2): got=0x0086  expected=0x0134
[FAIL] pixel 995 (row=31 col=3): got=0x0082  expected=0x014b
[FAIL] pixel 996 (row=31 col=4): got=0x0081  expected=0x014e
[FAIL] pixel 997 (row=31 col=5): got=0x007c  expected=0x0102
[FAIL] pixel 998 (row=31 col=6): got=0x0079  expected=0x00ed
[FAIL] pixel 999 (row=31 col=7): got=0x0079  expected=0x00f2
[FAIL] pixel 1000 (row=31 col=8): got=0x007b  expected=0x00ca
[FAIL] pixel 1001 (row=31 col=9): got=0x0074  expected=0x009c
[FAIL] pixel 1002 (row=31 col=10): got=0x0073  expected=0x00a1
[FAIL] pixel 1003 (row=31 col=11): got=0x006c  expected=0x00bb
[FAIL] pixel 1004 (row=31 col=12): got=0x0058  expected=0x006a
[FAIL] pixel 1005 (row=31 col=13): got=0x0043  expected=0x0042
[FAIL] pixel 1006 (row=31 col=14): got=0x0051  expected=0x004d
[FAIL] pixel 1007 (row=31 col=15): got=0x006d  expected=0x0068
[FAIL] pixel 1008 (row=31 col=16): got=0x0077  expected=0x009b
[FAIL] pixel 1009 (row=31 col=17): got=0x0074  expected=0x0080
[FAIL] pixel 1010 (row=31 col=18): got=0x0079  expected=0x00eb
[FAIL] pixel 1011 (row=31 col=19): got=0x0078  expected=0x0137
[FAIL] pixel 1012 (row=31 col=20): got=0x0079  expected=0x00d1
[FAIL] pixel 1013 (row=31 col=21): got=0x0070  expected=0x0080
[FAIL] pixel 1014 (row=31 col=22): got=0x005c  expected=0x0091
[FAIL] pixel 1015 (row=31 col=23): got=0x004e  expected=0x00af
[FAIL] pixel 1016 (row=31 col=24): got=0x0043  expected=0x009f
[FAIL] pixel 1017 (row=31 col=25): got=0x0045  expected=0x007e
[FAIL] pixel 1018 (row=31 col=26): got=0x004b  expected=0x004e
[FAIL] pixel 1019 (row=31 col=27): got=0x0060  expected=0x004e
[FAIL] pixel 1020 (row=31 col=28): got=0x007d  expected=0x0085
[FAIL] pixel 1021 (row=31 col=29): got=0x00a1  expected=0x00d7
[FAIL] pixel 1022 (row=31 col=30): got=0x00c4  expected=0x01f9
[FAIL] pixel 1023 (row=31 col=31): got=0x00da  expected=0x06c2
[TB] ──────── Results ────────
[TB] Pixels checked:  1024 / 1024
[TB] Mismatches:      966
[TB] *** FAIL ***
$finish called at time : 382055 ns : File "/home/gary/Individual_Project/sim/tb_selfCheck.sv" Line 375
run: Time (s): cpu = 00:00:00.16 ; elapsed = 00:00:27 . Memory (MB): peak = 1460.957 ; gain = 8.004 ; free physical = 3837 ; free virtual = 12718
exit
INFO: xsimkernel Simulation Memory Usage: 316252 KB (Peak: 365592 KB), Simulation CPU Usage: 28200 ms
INFO: [Common 17-206] Exiting xsim at Tue Mar 24 16:58:33 2026...
