Vivado Simulator v2025.2
Copyright 1986-2022 Xilinx, Inc. All Rights Reserved.
Copyright 2022-2025 Advanced Micro Devices, Inc. All Rights Reserved.
Running: /opt/2025.2/Vivado/bin/unwrapped/lnx64.o/xelab tb_selfCheck -s sim_snapshot --incr --debug typical 
Multi-threading is on. Using 14 slave threads.
WARNING: [XSIM 43-3431] One or more environment variables have been detected which affect the operation of the C compiler. These are typically not set in standard installations and are not tested by AMD, however they may be appropriate for your system, so the flow will attempt to continue.  If errors occur, try running xelab with the "-mt off -v 1" switches to see more information from the C compiler. The following environment variables have been detected:
Starting static elaboration
Pass Through NonSizing Optimizer
Completed static elaboration
Starting simulation data flow analysis
Completed simulation data flow analysis
Time Resolution for simulation is 1ps
Compiling module work.Register_File
Compiling module work.ALU_bitserial
Compiling module work.PE_Main(DATA_WIDTH=16,REG_DEPTH=...
Compiling module work.Array_Main(ROWS=32,COLS=32)
Compiling module work.Control_FSM(DATA_WIDTH=16)
Compiling module work.Control_Decode(REG_DEPTH=8)
Compiling module work.Control_Unit(DATA_WIDTH=16,REG_D...
Compiling module work.Top(ROW_LENGTH=32,COL_LENGTH=32)
Compiling module work.tb_selfCheck
Built simulation snapshot sim_snapshot
